=== NCCL/CUDA Intercept Log Started ===
Rank: 5
Start Time: 1768116061.231742289
Log File: ./mega_log/rank_5.log
=======================================
1768116061.230102609,NCCL_API,AllGather,count=1,datatype=4,stream=9b49060,comm=9b65ab0,group_hash=0xdea94835044d01f1
1768116061.233609458,NCCL_API,Broadcast,count=6,datatype=4,stream=9b49060,comm=9b65ab0,group_hash=0xdea94835044d01f1
1768116061.241844773,CUDA_KERNEL,func=7f7637248670,grid=(1,2,1),block=(128,1,1),stream=0,is_nccl=0
1768116065.998348546,NCCL_API,Broadcast,count=22,datatype=7,stream=9b49060,comm=9b65ab0,group_hash=0xdea94835044d01f1
1768116066.747440136,NCCL_API,AllReduce,count=1,datatype=7,stream=0,comm=9b65ab0,group_hash=0xdea94835044d01f1
1768116066.890478216,NCCL_API,AllReduce,count=1,datatype=7,stream=0,comm=9b65ab0,group_hash=0xdea94835044d01f1
1768116066.891354877,NCCL_API,AllReduce,count=1,datatype=7,stream=0,comm=9b65ab0,group_hash=0xdea94835044d01f1
=== NCCL/CUDA Intercept Log Ended ===
End Time: 1768116072.781392318
=====================================
=== NCCL/CUDA Intercept Log Started ===
Rank: 5
Start Time: 1768116438.658648512
Log File: ./mega_log/rank_5.log
=======================================
1768116438.657975271,NCCL_API,AllGather,count=1,datatype=4,stream=95e5ed0,comm=9602930,group_hash=0x6dd5df7ac533a11
1768116438.660780193,NCCL_API,Broadcast,count=6,datatype=4,stream=95e5ed0,comm=9602930,group_hash=0x6dd5df7ac533a11
=== NCCL/CUDA Intercept Log Started ===
Rank: 5
Start Time: 1768116756.187433366
Log File: ./mega_log/rank_5.log
=======================================
1768116756.187196056,NCCL_API,AllGather,count=1,datatype=4,stream=8fd95e0,comm=8ff6030,group_hash=0x7ad1e65ff7a16352
1768116756.190021962,NCCL_API,Broadcast,count=6,datatype=4,stream=8fd95e0,comm=8ff6030,group_hash=0x7ad1e65ff7a16352
=== NCCL/CUDA Intercept Log Started ===
Rank: 5
Start Time: 1768116925.821297918
Log File: ./mega_log/rank_5.log
=======================================
1768116925.820158271,NCCL_API,AllGather,count=1,datatype=4,stream=8a8e040,comm=8aaaa90,group_hash=0x8b0a8df087cad03a
1768116925.824530675,NCCL_API,Broadcast,count=6,datatype=4,stream=8a8e040,comm=8aaaa90,group_hash=0x8b0a8df087cad03a
=== NCCL/CUDA Intercept Log Started ===
Rank: 5
Start Time: 1768117047.943037273
Log File: ./mega_log/rank_5.log
=======================================
1768117047.942671584,NCCL_API,AllGather,count=1,datatype=4,stream=8e2c170,comm=8e48bc0,group_hash=0xe8643206e56e69d6
1768117047.955917717,NCCL_API,Broadcast,count=6,datatype=4,stream=8e2c170,comm=8e48bc0,group_hash=0xe8643206e56e69d6
=== NCCL/CUDA Intercept Log Started ===
Rank: 5
Start Time: 1768117322.901589588
Log File: ./mega_log/rank_5.log
=======================================
1768117322.901181150,NCCL_API,AllGather,count=1,datatype=4,stream=95adf80,comm=95ca9d0,group_hash=0xe57bfa5f1a25a109
1768117322.905238758,NCCL_API,Broadcast,count=6,datatype=4,stream=95adf80,comm=95ca9d0,group_hash=0xe57bfa5f1a25a109
=== NCCL/CUDA Intercept Log Started ===
Rank: 5
Start Time: 1768117578.462625796
Log File: ./mega_log/rank_5.log
=======================================
1768117578.462094153,NCCL_API,AllGather,count=1,datatype=4,stream=a143a30,comm=a1604e0,group_hash=0x2e9c51c095989ca2
1768117578.466069942,NCCL_API,Broadcast,count=6,datatype=4,stream=a143a30,comm=a1604e0,group_hash=0x2e9c51c095989ca2
=== NCCL/CUDA Intercept Log Started ===
Rank: 5
Start Time: 1768117713.349276823
Log File: ./mega_log/rank_5.log
=======================================
1768117713.348711620,NCCL_API,AllGather,count=1,datatype=4,stream=8f404e0,comm=8f5cf40,group_hash=0xdeb43d14cc4a5ef9
1768117713.354348843,NCCL_API,Broadcast,count=6,datatype=4,stream=8f404e0,comm=8f5cf40,group_hash=0xdeb43d14cc4a5ef9
1768117713.359096530,CUDA_KERNEL,func=7f8f61848670,grid=(1,2,1),block=(128,1,1),stream=0,is_nccl=0
1768117713.433500307,NCCL_API,Broadcast,count=22,datatype=7,stream=8f404e0,comm=8f5cf40,group_hash=0xdeb43d14cc4a5ef9
1768117714.260041371,NCCL_API,AllReduce,count=1,datatype=7,stream=0,comm=8f5cf40,group_hash=0xdeb43d14cc4a5ef9
1768117714.359930471,NCCL_API,AllReduce,count=1,datatype=7,stream=0,comm=8f5cf40,group_hash=0xdeb43d14cc4a5ef9
1768117714.360467362,NCCL_API,AllReduce,count=1,datatype=7,stream=0,comm=8f5cf40,group_hash=0xdeb43d14cc4a5ef9
=== NCCL/CUDA Intercept Log Ended ===
End Time: 1768117720.369941676
=====================================
