=== NCCL/CUDA Intercept Log Started ===
Rank: 7
Start Time: 1768116061.233383469
Log File: ./mega_log/rank_7.log
=======================================
1768116061.230320937,NCCL_API,AllGather,count=1,datatype=4,stream=8878060,comm=8894b20,group_hash=0xdea94835044d01f1
1768116061.235191203,NCCL_API,Broadcast,count=6,datatype=4,stream=8878060,comm=8894b20,group_hash=0xdea94835044d01f1
1768116061.241272121,CUDA_KERNEL,func=7f97f5848670,grid=(1,2,1),block=(128,1,1),stream=0,is_nccl=0
1768116065.824158560,NCCL_API,Broadcast,count=22,datatype=7,stream=8878060,comm=8894b20,group_hash=0xdea94835044d01f1
1768116066.565534187,NCCL_API,AllReduce,count=1,datatype=7,stream=0,comm=8894b20,group_hash=0xdea94835044d01f1
1768116066.890470610,NCCL_API,AllReduce,count=1,datatype=7,stream=0,comm=8894b20,group_hash=0xdea94835044d01f1
1768116066.891350113,NCCL_API,AllReduce,count=1,datatype=7,stream=0,comm=8894b20,group_hash=0xdea94835044d01f1
=== NCCL/CUDA Intercept Log Ended ===
End Time: 1768116072.818121167
=====================================
=== NCCL/CUDA Intercept Log Started ===
Rank: 7
Start Time: 1768116438.658460126
Log File: ./mega_log/rank_7.log
=======================================
1768116438.657687382,NCCL_API,AllGather,count=1,datatype=4,stream=9a4ce10,comm=9a698c0,group_hash=0x6dd5df7ac533a11
1768116438.660560982,NCCL_API,Broadcast,count=6,datatype=4,stream=9a4ce10,comm=9a698c0,group_hash=0x6dd5df7ac533a11
=== NCCL/CUDA Intercept Log Started ===
Rank: 7
Start Time: 1768116756.187228322
Log File: ./mega_log/rank_7.log
=======================================
1768116756.186915404,NCCL_API,AllGather,count=1,datatype=4,stream=9555180,comm=95717b0,group_hash=0x7ad1e65ff7a16352
1768116756.189644031,NCCL_API,Broadcast,count=6,datatype=4,stream=9555180,comm=95717b0,group_hash=0x7ad1e65ff7a16352
=== NCCL/CUDA Intercept Log Started ===
Rank: 7
Start Time: 1768116925.820485449
Log File: ./mega_log/rank_7.log
=======================================
1768116925.819883350,NCCL_API,AllGather,count=1,datatype=4,stream=9461bb0,comm=947e680,group_hash=0x8b0a8df087cad03a
1768116925.824582131,NCCL_API,Broadcast,count=6,datatype=4,stream=9461bb0,comm=947e680,group_hash=0x8b0a8df087cad03a
=== NCCL/CUDA Intercept Log Started ===
Rank: 7
Start Time: 1768117047.942204418
Log File: ./mega_log/rank_7.log
=======================================
1768117047.941916563,NCCL_API,AllGather,count=1,datatype=4,stream=9e68d90,comm=9e85800,group_hash=0xe8643206e56e69d6
1768117047.954237674,NCCL_API,Broadcast,count=6,datatype=4,stream=9e68d90,comm=9e85800,group_hash=0xe8643206e56e69d6
=== NCCL/CUDA Intercept Log Started ===
Rank: 7
Start Time: 1768117322.902615743
Log File: ./mega_log/rank_7.log
=======================================
1768117322.901712078,NCCL_API,AllGather,count=1,datatype=4,stream=93e7c10,comm=9404680,group_hash=0xe57bfa5f1a25a109
1768117322.905873869,NCCL_API,Broadcast,count=6,datatype=4,stream=93e7c10,comm=9404680,group_hash=0xe57bfa5f1a25a109
=== NCCL/CUDA Intercept Log Started ===
Rank: 7
Start Time: 1768117578.463528354
Log File: ./mega_log/rank_7.log
=======================================
1768117578.462775914,NCCL_API,AllGather,count=1,datatype=4,stream=9c4cec0,comm=9c69920,group_hash=0x2e9c51c095989ca2
1768117578.466655562,NCCL_API,Broadcast,count=6,datatype=4,stream=9c4cec0,comm=9c69920,group_hash=0x2e9c51c095989ca2
=== NCCL/CUDA Intercept Log Started ===
Rank: 7
Start Time: 1768117713.350862310
Log File: ./mega_log/rank_7.log
=======================================
1768117713.350633223,NCCL_API,AllGather,count=1,datatype=4,stream=8b27860,comm=8b442a0,group_hash=0xdeb43d14cc4a5ef9
1768117713.354556718,NCCL_API,Broadcast,count=6,datatype=4,stream=8b27860,comm=8b442a0,group_hash=0xdeb43d14cc4a5ef9
1768117713.358344474,CUDA_KERNEL,func=7f82bc448670,grid=(1,2,1),block=(128,1,1),stream=0,is_nccl=0
1768117713.410350411,NCCL_API,Broadcast,count=22,datatype=7,stream=8b27860,comm=8b442a0,group_hash=0xdeb43d14cc4a5ef9
1768117714.179857478,NCCL_API,AllReduce,count=1,datatype=7,stream=0,comm=8b442a0,group_hash=0xdeb43d14cc4a5ef9
1768117714.360044653,NCCL_API,AllReduce,count=1,datatype=7,stream=0,comm=8b442a0,group_hash=0xdeb43d14cc4a5ef9
1768117714.360466096,NCCL_API,AllReduce,count=1,datatype=7,stream=0,comm=8b442a0,group_hash=0xdeb43d14cc4a5ef9
=== NCCL/CUDA Intercept Log Ended ===
End Time: 1768117720.334451624
=====================================
